▲ Next.js 16.1.1 (Turbopack)
- Local:         http://localhost:3310
- Network:       http://192.168.1.146:3310
- Environments: .env

✓ Starting...
○ Compiling proxy ...
✓ Ready in 61.2s
○ Compiling /login ...
(node:12080) [DEP0205] DeprecationWarning: `module.register()` is deprecated. Use `module.registerHooks()` instead.
(Use `node --trace-deprecation ...` to show where the warning was created)
(node:35904) [DEP0205] DeprecationWarning: `module.register()` is deprecated. Use `module.registerHooks()` instead.
(Use `node --trace-deprecation ...` to show where the warning was created)
(node:23600) [DEP0205] DeprecationWarning: `module.register()` is deprecated. Use `module.registerHooks()` instead.
(Use `node --trace-deprecation ...` to show where the warning was created)
✓ Finished writing to filesystem cache in 72s
 GET /login 200 in 4.0min (compile: 3.6min, proxy.ts: 3.5s, render: 23.3s)
✓ Finished writing to filesystem cache in 24.8s
 GET /login 200 in 12.5s (compile: 11.6s, proxy.ts: 386ms, render: 516ms)
 GET /login 200 in 490ms (compile: 24ms, proxy.ts: 52ms, render: 413ms)

thread 'tokio-runtime-worker' (29984) panicked at C:\actions-runner\_work\next.js\next.js\turbopack\crates\turbo-tasks-backend\src\backend\operation\mod.rs:156:17:
Failed to restore task data (corrupted database or bug): Meta for <EsmAssetReference as ChunkableModuleReference>::chunking_type (TaskId 410350))

Caused by:
    0: Looking up data for TaskId 410350 from database failed
    1: Unable to open static sorted file referenced from 00000047.meta
    2: Unable to open static sorted file 00000038.sst
    3: The system cannot find the path specified. (os error 3)
note: run with `RUST_BACKTRACE=1` environment variable to display a backtrace

-----
[1m[31mFATAL[39m[0m: An unexpected Turbopack error occurred. A panic log has been written to C:\Users\pc\AppData\Local\Temp\next-panic-bdf3b9bb716f9c1df7c87273d8a2ce05.log.

To help make Turbopack better, report this error by clicking here: https://github.com/vercel/next.js/discussions/new?category=turbopack-error-report&title=Turbopack%20Error%3A%20%5Bproject%5D%2Fnode_modules%2F.pnpm%2F%40phosphor-icons%2Breact%402.1.1_8d8a78fddb20065f6576067ee69c2c74%2Fnode_modules%2F%40phosphor-icons%2Freact%2Fdist%2Fssr%2Findex.es.js%20%5Bapp-ssr%5D%20%28ecmascript%29&body=Turbopack%20version%3A%20%60d1bd5b58%60%0ANext.js%20version%3A%20%600.0.0%60%0A%0AError%20message%3A%0A%60%60%60%0ATurbopack%20Error%3A%20%5Bproject%5D%2Fnode_modules%2F.pnpm%2F%40phosphor-icons%2Breact%402.1.1_8d8a78fddb20065f6576067ee69c2c74%2Fnode_modules%2F%40phosphor-icons%2Freact%2Fdist%2Fssr%2Findex.es.js%20%5Bapp-ssr%5D%20%28ecmascript%29%0A%60%60%60&labels=Turbopack,Turbopack%20Panic%20Backtrace
-----

✓ Compiled in 54.2s
Persisting failed: Unable to open static sorted file referenced from 00000083.meta

Caused by:
    0: Unable to open static sorted file 00000080.sst
    1: The system cannot find the file specified. (os error 2)
Persisting failed: Another write batch or compaction is already active (Only a single write operations is allowed at a time)
Persisting failed: Another write batch or compaction is already active (Only a single write operations is allowed at a time)
Persisting failed: Another write batch or compaction is already active (Only a single write operations is allowed at a time)
Persisting failed: Another write batch or compaction is already active (Only a single write operations is allowed at a time)
Persisting failed: Another write batch or compaction is already active (Only a single write operations is allowed at a time)
Persisting failed: Another write batch or compaction is already active (Only a single write operations is allowed at a time)
Persisting failed: Another write batch or compaction is already active (Only a single write operations is allowed at a time)
Persisting failed: Another write batch or compaction is already active (Only a single write operations is allowed at a time)
[?25h
